2025-10-29 18:23:55,842 INFO: No mappings between files and masks
2025-10-29 18:23:55,843 INFO: No mask for sub-pixar009_T1w.nii.gz
2025-10-29 18:23:55,843 INFO: No mask for sub-pixar008_T1w.nii.gz
2025-10-29 18:23:55,843 INFO: No mask for sub-pixar007_T1w.nii.gz
2025-10-29 18:23:55,843 INFO: Total Images Loaded: 3, Images with Masks: 3
2025-11-05 13:36:42,714 INFO: No mappings between files and masks
2025-11-05 13:36:42,715 INFO: No mask for sub-pixar009_T1w.nii.gz
2025-11-05 13:36:42,715 INFO: No mask for sub-pixar008_T1w.nii.gz
2025-11-05 13:36:42,715 INFO: No mask for sub-pixar007_T1w.nii.gz
2025-11-05 13:36:42,715 INFO: Total Images Loaded: 3, Images with Masks: 3
2025-11-05 13:37:11,181 INFO: No mask provided for sub-pixar008_T1w/sub-pixar008_T1w.nii.gz
2025-11-05 13:37:11,181 INFO: No mask provided for sub-pixar008_sag_T1w.nii.gz
2025-11-05 13:37:11,182 INFO: No mask provided for sub-pixar0010_T1w0.nii.gz
2025-11-05 13:37:11,182 INFO: No mask provided for sub-pixar0010_T1w1.nii.gz
2025-11-05 13:37:11,182 INFO: No mask provided for sub-pixar0010_T1w2.nii.gz
2025-11-05 13:37:11,182 INFO: No mask provided for sub-pixar009_T1w.nii.gz
2025-11-05 13:37:11,182 INFO: Total Images Loaded: 9, Images with Masks: 9
2025-11-05 13:40:23,341 INFO: No mappings between files and masks
2025-11-05 13:40:23,341 INFO: No mappings between files and masks
2025-11-05 13:40:23,342 INFO: No mask for sub-pixar009_T1w.nii.gz
2025-11-05 13:40:23,342 INFO: No mask for sub-pixar009_T1w.nii.gz
2025-11-05 13:40:23,342 INFO: No mask for sub-pixar008_T1w.nii.gz
2025-11-05 13:40:23,342 INFO: No mask for sub-pixar008_T1w.nii.gz
2025-11-05 13:40:23,342 INFO: No mask for sub-pixar007_T1w.nii.gz
2025-11-05 13:40:23,342 INFO: No mask for sub-pixar007_T1w.nii.gz
2025-11-05 13:40:23,346 INFO: Found session, restoring annotations 6 files left
2025-11-05 13:40:23,346 INFO: Found session, restoring annotations 6 files left
2025-11-05 13:40:23,346 INFO: Total Images Loaded: 6, Images with Masks: 6
2025-11-05 13:40:23,346 INFO: Total Images Loaded: 6, Images with Masks: 6
2025-11-05 13:44:40,974 INFO: No mappings between files and masks
2025-11-05 13:44:40,974 INFO: No mask for sub-pixar009_T1w.nii.gz
2025-11-05 13:44:40,974 INFO: No mask for sub-pixar008_T1w.nii.gz
2025-11-05 13:44:40,974 INFO: No mask for sub-pixar007_T1w.nii.gz
2025-11-05 13:44:40,980 INFO: Found session, restoring annotations 0 files left
2025-11-05 13:44:40,980 INFO: Total Images Loaded: 0, Images with Masks: 0
2025-11-05 13:45:47,361 INFO: No mask provided for sub-pixar008_T1w/sub-pixar008_T1w.nii.gz
2025-11-05 13:45:47,361 INFO: No mask provided for sub-pixar008_sag_T1w.nii.gz
2025-11-05 13:45:47,361 INFO: No mask provided for sub-pixar0010_T1w0.nii.gz
2025-11-05 13:45:47,361 INFO: No mask provided for sub-pixar0010_T1w1.nii.gz
2025-11-05 13:45:47,361 INFO: No mask provided for sub-pixar0010_T1w2.nii.gz
2025-11-05 13:45:47,362 INFO: No mask provided for sub-pixar009_T1w.nii.gz
2025-11-05 13:45:47,364 INFO: Found session, restoring annotations 0 files left
2025-11-05 13:45:47,364 INFO: Total Images Loaded: 0, Images with Masks: 0
2025-11-05 13:45:52,545 INFO: No mappings between files and masks
2025-11-05 13:45:52,545 INFO: No mappings between files and masks
2025-11-05 13:45:52,546 INFO: No mask for sub-pixar009_T1w.nii.gz
2025-11-05 13:45:52,546 INFO: No mask for sub-pixar009_T1w.nii.gz
2025-11-05 13:45:52,546 INFO: No mask for sub-pixar008_T1w.nii.gz
2025-11-05 13:45:52,546 INFO: No mask for sub-pixar008_T1w.nii.gz
2025-11-05 13:45:52,546 INFO: No mask for sub-pixar007_T1w.nii.gz
2025-11-05 13:45:52,546 INFO: No mask for sub-pixar007_T1w.nii.gz
2025-11-05 13:45:52,546 INFO: Total Images Loaded: 3, Images with Masks: 3
2025-11-05 13:45:52,546 INFO: Total Images Loaded: 3, Images with Masks: 3
2025-11-05 13:46:41,231 INFO: No mappings between files and masks
2025-11-05 13:46:41,231 INFO: No mask for sub-pixar009_T1w.nii.gz
2025-11-05 13:46:41,231 INFO: No mask for sub-pixar008_T1w.nii.gz
2025-11-05 13:46:41,231 INFO: No mask for sub-pixar007_T1w.nii.gz
2025-11-05 13:46:41,232 INFO: Total Images Loaded: 3, Images with Masks: 3
2025-11-05 13:48:51,110 INFO: No mappings between files and masks
2025-11-05 13:48:51,110 INFO: No mask for sub-pixar009_T1w.nii.gz
2025-11-05 13:48:51,110 INFO: No mask for sub-pixar008_T1w copy 2.nii.gz
2025-11-05 13:48:51,110 INFO: No mask for sub-pixar009_T1w copy 2.nii.gz
2025-11-05 13:48:51,110 INFO: No mask for sub-pixar007_T1w copy.nii.gz
2025-11-05 13:48:51,110 INFO: No mask for sub-pixar008_T1w copy.nii.gz
2025-11-05 13:48:51,111 INFO: No mask for sub-pixar008_T1w.nii.gz
2025-11-05 13:48:51,111 INFO: No mask for sub-pixar007_T1w copy 2.nii.gz
2025-11-05 13:48:51,111 INFO: No mask for sub-pixar007_T1w.nii.gz
2025-11-05 13:48:51,111 INFO: No mask for sub-pixar009_T1w copy.nii.gz
2025-11-05 13:48:51,116 INFO: Found session, restoring annotations 6 files left
2025-11-05 13:48:51,116 INFO: Total Images Loaded: 6, Images with Masks: 6
2025-11-05 13:51:09,070 INFO: No mappings between files and masks
2025-11-05 13:51:09,070 INFO: No mask for sub-pixar009_T1w.nii.gz
2025-11-05 13:51:09,070 INFO: No mask for sub-pixar008_T1w copy 2.nii.gz
2025-11-05 13:51:09,070 INFO: No mask for sub-pixar009_T1w copy 2.nii.gz
2025-11-05 13:51:09,071 INFO: No mask for sub-pixar007_T1w copy.nii.gz
2025-11-05 13:51:09,071 INFO: No mask for sub-pixar008_T1w copy.nii.gz
2025-11-05 13:51:09,071 INFO: No mask for sub-pixar008_T1w.nii.gz
2025-11-05 13:51:09,071 INFO: No mask for sub-pixar007_T1w copy 2.nii.gz
2025-11-05 13:51:09,071 INFO: No mask for sub-pixar007_T1w.nii.gz
2025-11-05 13:51:09,071 INFO: No mask for sub-pixar009_T1w copy.nii.gz
2025-11-05 13:51:09,071 INFO: Total Images Loaded: 9, Images with Masks: 9
2025-11-17 10:02:24,575 INFO: No mappings between files and masks
2025-11-17 10:02:24,576 INFO: No mask for sub-pixar009_T1w.nii.gz
2025-11-17 10:02:24,577 INFO: No mask for sub-pixar008_T1w copy 2.nii.gz
2025-11-17 10:02:24,577 INFO: No mask for sub-pixar009_T1w copy 2.nii.gz
2025-11-17 10:02:24,577 INFO: No mask for sub-pixar007_T1w copy.nii.gz
2025-11-17 10:02:24,577 INFO: No mask for sub-pixar008_T1w copy.nii.gz
2025-11-17 10:02:24,577 INFO: No mask for sub-pixar008_T1w.nii.gz
2025-11-17 10:02:24,577 INFO: No mask for sub-pixar007_T1w copy 2.nii.gz
2025-11-17 10:02:24,577 INFO: No mask for sub-pixar007_T1w.nii.gz
2025-11-17 10:02:24,577 INFO: No mask for sub-pixar009_T1w copy.nii.gz
2025-11-17 10:02:24,577 INFO: Total Images Loaded: 9, Images with Masks: 9
2025-11-17 17:00:18,679 INFO: No mappings between files and masks
2025-11-17 17:00:18,681 INFO: No mask for sub-pixar009_T1w.nii.gz
2025-11-17 17:00:18,681 INFO: No mask for sub-pixar008_T1w copy 2.nii.gz
2025-11-17 17:00:18,681 INFO: No mask for sub-pixar009_T1w copy 2.nii.gz
2025-11-17 17:00:18,681 INFO: No mask for sub-pixar007_T1w copy.nii.gz
2025-11-17 17:00:18,681 INFO: No mask for sub-pixar008_T1w copy.nii.gz
2025-11-17 17:00:18,681 INFO: No mask for t.seg.nrrd
2025-11-17 17:00:18,681 INFO: No mask for sub-pixar008_T1w.nii.gz
2025-11-17 17:00:18,681 INFO: No mask for sub-pixar007_T1w copy 2.nii.gz
2025-11-17 17:00:18,681 INFO: No mask for sub-pixar007_T1w.nii.gz
2025-11-17 17:00:18,681 INFO: No mask for sub-pixar009_T1w copy.nii.gz
2025-11-17 17:00:29,902 INFO: No mappings between files and masks
2025-11-17 17:00:29,903 INFO: No mask for case_002_L_MLO_DES.png
2025-11-17 17:00:29,903 INFO: No mask for case_001_L_MLO_DES.png
2025-11-17 17:00:29,903 INFO: No mask for case_002_L_CC_UNK.png
2025-11-17 17:00:29,903 INFO: No mask for case_002_R_CC_UNK.png
2025-11-17 17:00:29,903 INFO: No mask for case_002_L_MLO_UNK.png
2025-11-17 17:00:29,903 INFO: No mask for case_001_R_MLO_LE.png
2025-11-17 17:00:29,903 INFO: No mask for case_002_L_CC_DES.png
2025-11-17 17:00:29,904 INFO: No mask for case_002_R_CC_DES.png
2025-11-17 17:00:29,904 INFO: No mask for case_001_L_MLO_LE.png
2025-11-17 17:00:29,904 INFO: No mask for case_001_R_MLO_DES.png
2025-11-17 17:00:29,904 INFO: No mask for case_001_R_CC_LE.png
2025-11-17 17:00:29,904 INFO: No mask for case_002_R_MLO_DES.png
2025-11-17 17:00:29,904 INFO: No mask for case_002_L_MLO_LE.png
2025-11-17 17:00:29,904 INFO: No mask for case_001_R_CC_DES.png
2025-11-17 17:00:29,904 INFO: No mask for case_001_L_CC_DES.png
2025-11-17 17:00:29,904 INFO: No mask for case_001_L_CC_LE.png
2025-11-17 17:00:29,904 INFO: No mask for case_002_R_MLO_LE.png
2025-11-17 17:00:29,904 INFO: No mask for case_002_L_CC_LE.png
2025-11-17 17:00:29,905 INFO: No mask for case_001_R_CC_UNK.png
2025-11-17 17:00:29,905 INFO: No mask for case_002_R_MLO_UNK.png
2025-11-17 17:00:29,905 INFO: No mask for case_002_R_CC_LE.png
2025-11-17 17:00:29,905 INFO: Total Images Loaded: 52, Images with Masks: 52
2025-11-17 17:00:29,985 INFO: Loaded 2D image via VTK reader: /Users/d.hooft/Documents/Local_Code/Artifact_Gui/CEMArtifacts-main/Example_DICOMS_Converted_png/case_002_L_MLO_DES.png
